
> baby-timer@0.0.1 build
> vite build

[36mvite v8.0.14 [32mbuilding ssr environment for production...[36m[39m
[2Ktransforming...✓ 3907 modules transformed.
rendering chunks...
[36mvite v8.0.14 [32mbuilding client environment for production...[36m[39m
[2Ktransforming...✓ 4364 modules transformed.
rendering chunks...
computing gzip size...
.svelte-kit/output/client/_app/version.json                                                      0.02 kB │ gzip:  0.04 kB
.svelte-kit/output/client/registerSW.js                                                          0.15 kB
.svelte-kit/output/client/manifest.webmanifest                                                   0.60 kB
.svelte-kit/output/client/_app/immutable/assets/nunito-vietnamese-400-normal.BHkVbP3T.woff2      6.12 kB
.svelte-kit/output/client/_app/immutable/assets/nunito-vietnamese-400-normal.DtOtW02z.woff       8.24 kB
.svelte-kit/output/client/_app/immutable/assets/nunito-cyrillic-400-normal.xAOo5cBP.woff2        8.46 kB
.svelte-kit/output/client/_app/immutable/assets/nunito-cyrillic-400-normal.D1j0u8EH.woff        10.46 kB
.svelte-kit/output/client/_app/immutable/assets/nunito-cyrillic-ext-400-normal.CuPM9foi.woff2   11.16 kB
.svelte-kit/output/client/_app/immutable/assets/nunito-cyrillic-ext-400-normal.xaE7D4Sw.woff    14.10 kB
.svelte-kit/output/client/_app/immutable/assets/nunito-latin-ext-400-normal.i-8OOpdj.woff2      15.88 kB
.svelte-kit/output/client/_app/immutable/assets/nunito-latin-400-normal.r8SDr6Up.woff2          16.31 kB
.svelte-kit/output/client/.vite/manifest.json                                                   16.33 kB │ gzip:  2.02 kB
.svelte-kit/output/client/_app/immutable/assets/nunito-latin-400-normal.DKg4f3fz.woff           20.33 kB
.svelte-kit/output/client/_app/immutable/assets/nunito-latin-ext-400-normal.CjMJVfGn.woff       21.28 kB
.svelte-kit/output/client/_app/immutable/assets/QrCode.DdUTOoeG.css                              0.36 kB │ gzip:  0.22 kB
.svelte-kit/output/client/_app/immutable/assets/6.QQrtxBi3.css                                   0.78 kB │ gzip:  0.33 kB
.svelte-kit/output/client/_app/immutable/assets/12.BN2xTQ_B.css                                  0.92 kB │ gzip:  0.37 kB
.svelte-kit/output/client/_app/immutable/assets/11.ghw5hSUh.css                                  1.10 kB │ gzip:  0.41 kB
.svelte-kit/output/client/_app/immutable/assets/3.B3jpWgxY.css                                   1.94 kB │ gzip:  0.54 kB
.svelte-kit/output/client/_app/immutable/assets/Button.BeSpdebw.css                              2.02 kB │ gzip:  0.62 kB
.svelte-kit/output/client/_app/immutable/assets/Sheet.RPgILuUl.css                               2.76 kB │ gzip:  0.84 kB
.svelte-kit/output/client/_app/immutable/assets/2.CPWK0fj0.css                                   3.49 kB │ gzip:  1.06 kB
.svelte-kit/output/client/_app/immutable/assets/9.C6udDHJZ.css                                   3.63 kB │ gzip:  0.93 kB
.svelte-kit/output/client/_app/immutable/assets/7.ZYWU3ZRo.css                                   3.78 kB │ gzip:  0.86 kB
.svelte-kit/output/client/_app/immutable/assets/8.BRBaevOM.css                                   4.12 kB │ gzip:  1.10 kB
.svelte-kit/output/client/_app/immutable/assets/5.BAy9YHAb.css                                   4.50 kB │ gzip:  0.94 kB
.svelte-kit/output/client/_app/immutable/assets/SessionEditSheet.SgOdXuV-.css                    5.71 kB │ gzip:  1.37 kB
.svelte-kit/output/client/_app/immutable/assets/4.V7bCIHpg.css                                   6.12 kB │ gzip:  1.47 kB
.svelte-kit/output/client/_app/immutable/assets/0.-WccD1Zk.css                                  11.79 kB │ gzip:  3.48 kB
.svelte-kit/output/client/_app/immutable/chunks/BXWMNfbr.js                                      0.02 kB │ gzip:  0.04 kB
.svelte-kit/output/client/_app/immutable/chunks/D0MFy00x.js                                      0.03 kB │ gzip:  0.05 kB
.svelte-kit/output/client/_app/immutable/chunks/xihTtKlq.js                                      0.06 kB │ gzip:  0.08 kB
.svelte-kit/output/client/_app/immutable/entry/start.DbSICxQl.js                                 0.08 kB │ gzip:  0.09 kB
.svelte-kit/output/client/_app/immutable/chunks/DjpMsD_g.js                                      0.14 kB │ gzip:  0.13 kB
.svelte-kit/output/client/_app/immutable/chunks/N4vpwAa2.js                                      0.22 kB │ gzip:  0.16 kB
.svelte-kit/output/client/_app/immutable/chunks/w7xr3_VN.js                                      0.28 kB │ gzip:  0.20 kB
.svelte-kit/output/client/_app/immutable/nodes/1.DO4GK4lr.js                                     0.37 kB │ gzip:  0.26 kB
.svelte-kit/output/client/_app/immutable/nodes/10.DV-aU0Ey.js                                    0.50 kB │ gzip:  0.31 kB
.svelte-kit/output/client/_app/immutable/chunks/CWSy5R0d.js                                      0.68 kB │ gzip:  0.40 kB
.svelte-kit/output/client/_app/immutable/chunks/BVRrOqFm.js                                      0.76 kB │ gzip:  0.33 kB
.svelte-kit/output/client/_app/immutable/chunks/CEHwKYqE.js                                      0.78 kB │ gzip:  0.45 kB
.svelte-kit/output/client/_app/immutable/chunks/D89WdyxD2.js                                     0.89 kB │ gzip:  0.43 kB
.svelte-kit/output/client/_app/immutable/chunks/Cjl7W9Ot.js                                      1.04 kB │ gzip:  0.59 kB
.svelte-kit/output/client/_app/immutable/chunks/mL8wBbv-.js                                      1.62 kB │ gzip:  0.93 kB
.svelte-kit/output/client/_app/immutable/chunks/BglQfl-T.js                                      1.99 kB │ gzip:  0.82 kB
.svelte-kit/output/client/_app/immutable/chunks/COvcSesW.js                                      2.16 kB │ gzip:  0.47 kB
.svelte-kit/output/client/_app/immutable/chunks/CLlQub-3.js                                      2.37 kB │ gzip:  0.93 kB
.svelte-kit/output/client/_app/immutable/nodes/12.DK75BUyh.js                                    2.72 kB │ gzip:  1.28 kB
.svelte-kit/output/client/_app/immutable/chunks/CPgD1DxD.js                                      2.80 kB │ gzip:  0.78 kB
.svelte-kit/output/client/_app/immutable/nodes/3.DIdm2lGL.js                                     2.94 kB │ gzip:  1.11 kB
.svelte-kit/output/client/_app/immutable/nodes/11.zHNS76li.js                                    3.15 kB │ gzip:  1.29 kB
.svelte-kit/output/client/_app/immutable/chunks/BhANQ2GR.js                                      3.92 kB │ gzip:  1.84 kB
.svelte-kit/output/client/_app/immutable/chunks/Cf_d4h9i.js                                      4.42 kB │ gzip:  1.51 kB
.svelte-kit/output/client/_app/immutable/nodes/6.8OeVZfi-.js                                     4.89 kB │ gzip:  1.77 kB
.svelte-kit/output/client/_app/immutable/nodes/7.D9YRITs9.js                                     5.13 kB │ gzip:  2.02 kB
.svelte-kit/output/client/_app/immutable/nodes/2.B2qRFWEE.js                                     5.76 kB │ gzip:  2.55 kB
.svelte-kit/output/client/_app/immutable/entry/app.U26IlxQJ.js                                   6.72 kB │ gzip:  2.32 kB
.svelte-kit/output/client/_app/immutable/nodes/9.CjZJ0YpU.js                                     7.34 kB │ gzip:  2.62 kB
.svelte-kit/output/client/_app/immutable/nodes/0.DYk8ZymB.js                                     9.93 kB │ gzip:  3.61 kB
.svelte-kit/output/client/_app/immutable/nodes/5.DAB5mGk1.js                                    14.58 kB │ gzip:  4.04 kB
.svelte-kit/output/client/_app/immutable/chunks/BEN5TPd1.js                                     17.37 kB │ gzip:  5.25 kB
.svelte-kit/output/client/_app/immutable/chunks/2ANmO4pe.js                                     18.12 kB │ gzip:  6.07 kB
.svelte-kit/output/client/_app/immutable/nodes/4.CEJL9JvY.js                                    18.46 kB │ gzip:  5.38 kB
.svelte-kit/output/client/_app/immutable/chunks/CfJbbZKu.js                                     24.27 kB │ gzip:  9.25 kB
.svelte-kit/output/client/_app/immutable/nodes/8.DiwBwvSk.js                                    25.53 kB │ gzip:  7.47 kB
.svelte-kit/output/client/_app/immutable/chunks/BNkT5Z5T.js                                     27.27 kB │ gzip:  8.99 kB
.svelte-kit/output/client/_app/immutable/chunks/DoLjQ_H2.js                                     28.25 kB │ gzip: 11.06 kB
.svelte-kit/output/client/_app/immutable/chunks/DEBZmuc1.js                                     56.15 kB │ gzip: 21.34 kB
.svelte-kit/output/client/_app/immutable/chunks/BMMqT067.js                                     96.11 kB │ gzip: 31.45 kB
.svelte-kit/output/client/_app/immutable/chunks/B-p4b7D_.js                                    141.79 kB │ gzip: 47.77 kB
.svelte-kit/output/client/_app/immutable/chunks/BQZk0a0u.js                                    199.63 kB │ gzip: 51.13 kB

[32m✓ built in 3.86s[39m

[36mPWA v1.3.0[39m
mode      [35mgenerateSW[39m
precache  [32m74 entries[39m [2m(844.13 KiB)[22m
files generated
  [2m.svelte-kit/output/client/sw.js[22m
  [2m.svelte-kit/output/client/workbox-9c191d2f.js[22m
computing gzip size...
.svelte-kit/output/server/registerSW.js                                                          0.15 kB
.svelte-kit/output/server/manifest.webmanifest                                                   0.60 kB
.svelte-kit/output/server/_app/immutable/assets/nunito-vietnamese-400-normal.BHkVbP3T.woff2      6.12 kB
.svelte-kit/output/server/_app/immutable/assets/nunito-vietnamese-400-normal.DtOtW02z.woff       8.24 kB
.svelte-kit/output/server/_app/immutable/assets/nunito-cyrillic-400-normal.xAOo5cBP.woff2        8.46 kB
.svelte-kit/output/server/_app/immutable/assets/nunito-cyrillic-400-normal.D1j0u8EH.woff        10.46 kB
.svelte-kit/output/server/_app/immutable/assets/nunito-cyrillic-ext-400-normal.CuPM9foi.woff2   11.16 kB
.svelte-kit/output/server/_app/immutable/assets/nunito-cyrillic-ext-400-normal.xaE7D4Sw.woff    14.10 kB
.svelte-kit/output/server/_app/immutable/assets/nunito-latin-ext-400-normal.i-8OOpdj.woff2      15.88 kB
.svelte-kit/output/server/_app/immutable/assets/nunito-latin-400-normal.r8SDr6Up.woff2          16.31 kB
.svelte-kit/output/server/.vite/manifest.json                                                   16.57 kB │ gzip:  1.88 kB
.svelte-kit/output/server/_app/immutable/assets/nunito-latin-400-normal.DKg4f3fz.woff           20.33 kB
.svelte-kit/output/server/_app/immutable/assets/nunito-latin-ext-400-normal.CjMJVfGn.woff       21.28 kB
.svelte-kit/output/server/_app/immutable/assets/QrCode.DdUTOoeG.css                              0.36 kB │ gzip:  0.22 kB
.svelte-kit/output/server/_app/immutable/assets/_page.QQrtxBi3.css                               0.78 kB │ gzip:  0.33 kB
.svelte-kit/output/server/_app/immutable/assets/_page.BN2xTQ_B.css                               0.92 kB │ gzip:  0.37 kB
.svelte-kit/output/server/_app/immutable/assets/_page.ghw5hSUh.css                               1.10 kB │ gzip:  0.41 kB
.svelte-kit/output/server/_app/immutable/assets/_page.B3jpWgxY.css                               1.94 kB │ gzip:  0.54 kB
.svelte-kit/output/server/_app/immutable/assets/Button.BeSpdebw.css                              2.02 kB │ gzip:  0.62 kB
.svelte-kit/output/server/_app/immutable/assets/_page.CyNDHYLJ.css                               2.05 kB │ gzip:  0.64 kB
.svelte-kit/output/server/_app/immutable/assets/Sheet.RPgILuUl.css                               2.76 kB │ gzip:  0.84 kB
.svelte-kit/output/server/_app/immutable/assets/_layout.D1REJiyf.css                             3.45 kB │ gzip:  1.05 kB
.svelte-kit/output/server/_app/immutable/assets/_page.BQHcNn_b.css                               3.47 kB │ gzip:  0.96 kB
.svelte-kit/output/server/_app/immutable/assets/_page.C6udDHJZ.css                               3.63 kB │ gzip:  0.93 kB
.svelte-kit/output/server/_app/immutable/assets/_page.ZYWU3ZRo.css                               3.78 kB │ gzip:  0.86 kB
.svelte-kit/output/server/_app/immutable/assets/_page.BAy9YHAb.css                               4.50 kB │ gzip:  0.94 kB
.svelte-kit/output/server/_app/immutable/assets/SessionEditSheet.DjSE55sk.css                    5.69 kB │ gzip:  1.36 kB
.svelte-kit/output/server/_app/immutable/assets/_layout.DuAdLNH-.css                            11.54 kB │ gzip:  3.45 kB
.svelte-kit/output/server/chunks/navigation.js                                                   0.03 kB │ gzip:  0.05 kB
.svelte-kit/output/server/entries/pages/_layout.ts.js                                            0.11 kB │ gzip:  0.10 kB
.svelte-kit/output/server/chunks/context.js                                                      0.11 kB │ gzip:  0.11 kB
.svelte-kit/output/server/chunks/local-family.js                                                 0.28 kB │ gzip:  0.19 kB
.svelte-kit/output/server/chunks/guest.js                                                        0.28 kB │ gzip:  0.21 kB
.svelte-kit/output/server/chunks/supabase.js                                                     0.29 kB │ gzip:  0.20 kB
.svelte-kit/output/server/chunks/local-babies.js                                                 0.35 kB │ gzip:  0.24 kB
.svelte-kit/output/server/chunks/shared-server.js                                                0.40 kB │ gzip:  0.20 kB
.svelte-kit/output/server/entries/fallbacks/error.svelte.js                                      0.42 kB │ gzip:  0.27 kB
.svelte-kit/output/server/internal.js                                                            0.45 kB │ gzip:  0.21 kB
.svelte-kit/output/server/chunks/QrCode.js                                                       0.52 kB │ gzip:  0.31 kB
.svelte-kit/output/server/entries/pages/(auth)/logout/_page.svelte.js                            0.57 kB │ gzip:  0.30 kB
.svelte-kit/output/server/chunks/error-tracking.js                                               0.60 kB │ gzip:  0.32 kB
.svelte-kit/output/server/chunks/paths.js                                                        0.61 kB │ gzip:  0.37 kB
.svelte-kit/output/server/chunks/theme.svelte.js                                                 0.98 kB │ gzip:  0.48 kB
.svelte-kit/output/server/chunks/device-link.js                                                  1.01 kB │ gzip:  0.43 kB
.svelte-kit/output/server/chunks/environment.js                                                  1.01 kB │ gzip:  0.48 kB
.svelte-kit/output/server/chunks/local.js                                                        1.31 kB │ gzip:  0.37 kB
.svelte-kit/output/server/chunks/baby.svelte.js                                                  1.57 kB │ gzip:  0.62 kB
.svelte-kit/output/server/chunks/Sheet.js                                                        2.24 kB │ gzip:  0.88 kB
.svelte-kit/output/server/chunks/Button.js                                                       2.62 kB │ gzip:  0.66 kB
.svelte-kit/output/server/chunks/local-diaper-change.js                                          2.76 kB │ gzip:  0.54 kB
.svelte-kit/output/server/chunks/state.js                                                        3.12 kB │ gzip:  1.19 kB
.svelte-kit/output/server/entries/pages/_page.svelte.js                                          3.26 kB │ gzip:  0.93 kB
.svelte-kit/output/server/chunks/family.js                                                       3.26 kB │ gzip:  1.01 kB
.svelte-kit/output/server/chunks/moon.js                                                         3.35 kB │ gzip:  1.30 kB
.svelte-kit/output/server/entries/pages/join/_page.svelte.js                                     3.66 kB │ gzip:  1.22 kB
.svelte-kit/output/server/chunks/active-timers.svelte.js                                         3.93 kB │ gzip:  1.03 kB
.svelte-kit/output/server/entries/pages/device-link/_page.svelte.js                              4.39 kB │ gzip:  1.21 kB
.svelte-kit/output/server/entries/pages/(app)/app/settings/_page.svelte.js                       4.71 kB │ gzip:  1.32 kB
.svelte-kit/output/server/chunks/sync.svelte.js                                                  4.77 kB │ gzip:  1.10 kB
.svelte-kit/output/server/chunks/exports.js                                                      5.41 kB │ gzip:  1.73 kB
.svelte-kit/output/server/entries/pages/(auth)/login/_page.svelte.js                             6.97 kB │ gzip:  1.75 kB
.svelte-kit/output/server/entries/pages/(app)/app/history/_page.svelte.js                        7.51 kB │ gzip:  1.95 kB
.svelte-kit/output/server/chunks/routing.js                                                      7.52 kB │ gzip:  2.73 kB
.svelte-kit/output/server/entries/pages/(app)/app/stats/_page.svelte.js                          9.05 kB │ gzip:  2.52 kB
.svelte-kit/output/server/entries/pages/(app)/_layout.svelte.js                                  9.17 kB │ gzip:  2.70 kB
.svelte-kit/output/server/chunks/index.svelte.js                                                10.16 kB │ gzip:  3.24 kB
.svelte-kit/output/server/chunks/shared.js                                                      10.30 kB │ gzip:  3.34 kB
.svelte-kit/output/server/entries/pages/(app)/app/_page.svelte.js                               16.23 kB │ gzip:  3.30 kB
.svelte-kit/output/server/entries/pages/_layout.svelte.js                                       16.65 kB │ gzip:  4.06 kB
.svelte-kit/output/server/entries/pages/(app)/app/family/_page.svelte.js                        16.80 kB │ gzip:  3.02 kB
.svelte-kit/output/server/chunks/SessionEditSheet.js                                            19.03 kB │ gzip:  3.83 kB
.svelte-kit/output/server/chunks/i18n.js                                                        21.94 kB │ gzip:  6.37 kB
.svelte-kit/output/server/chunks/internal.js                                                    23.49 kB │ gzip:  7.11 kB
.svelte-kit/output/server/chunks/utils.js                                                       30.17 kB │ gzip:  8.78 kB
.svelte-kit/output/server/chunks/client.js                                                      47.05 kB │ gzip: 13.83 kB
.svelte-kit/output/server/remote-entry.js                                                       54.60 kB │ gzip: 11.91 kB
.svelte-kit/output/server/index.js                                                             122.59 kB │ gzip: 30.99 kB
.svelte-kit/output/server/chunks/index-server.js                                               133.47 kB │ gzip: 34.78 kB

[32m✓ built in 9.66s[39m

Run npm run preview to preview your production build locally.

> Using @sveltejs/adapter-static
  Wrote site to "build"
  ✔ done
